Archive member included to satisfy reference by file (symbol)

d:/program files (x86)/atmel/studio/7.0/toolchain/avr8/avr8-gnu-toolchain/bin/../lib/gcc/avr/5.4.0/../../../../avr/lib/avr6\libm.a(cmpsf2.o)
                              FreeRTOS/src/variantHooks.o (__ltsf2)
d:/program files (x86)/atmel/studio/7.0/toolchain/avr8/avr8-gnu-toolchain/bin/../lib/gcc/avr/5.4.0/../../../../avr/lib/avr6\libm.a(fixsfsi.o)
                              loraWANHandler.o (__fixsfsi)
d:/program files (x86)/atmel/studio/7.0/toolchain/avr8/avr8-gnu-toolchain/bin/../lib/gcc/avr/5.4.0/../../../../avr/lib/avr6\libm.a(fixunssfsi.o)
                              FreeRTOS/src/variantHooks.o (__fixunssfsi)
d:/program files (x86)/atmel/studio/7.0/toolchain/avr8/avr8-gnu-toolchain/bin/../lib/gcc/avr/5.4.0/../../../../avr/lib/avr6\libm.a(floatsisf.o)
                              temperature_task.o (__floatunsisf)
d:/program files (x86)/atmel/studio/7.0/toolchain/avr8/avr8-gnu-toolchain/bin/../lib/gcc/avr/5.4.0/../../../../avr/lib/avr6\libm.a(fp_cmp.o)
                              d:/program files (x86)/atmel/studio/7.0/toolchain/avr8/avr8-gnu-toolchain/bin/../lib/gcc/avr/5.4.0/../../../../avr/lib/avr6\libm.a(cmpsf2.o) (__fp_cmp)
d:/program files (x86)/atmel/studio/7.0/toolchain/avr8/avr8-gnu-toolchain/bin/../lib/gcc/avr/5.4.0/../../../../avr/lib/avr6\libm.a(fp_split3.o)
                              d:/program files (x86)/atmel/studio/7.0/toolchain/avr8/avr8-gnu-toolchain/bin/../lib/gcc/avr/5.4.0/../../../../avr/lib/avr6\libm.a(fixunssfsi.o) (__fp_splitA)
d:/program files (x86)/atmel/studio/7.0/toolchain/avr8/avr8-gnu-toolchain/bin/../lib/gcc/avr/5.4.0/../../../../avr/lib/avr6\libm.a(fp_zero.o)
                              d:/program files (x86)/atmel/studio/7.0/toolchain/avr8/avr8-gnu-toolchain/bin/../lib/gcc/avr/5.4.0/../../../../avr/lib/avr6\libm.a(fixunssfsi.o) (__fp_zero)
d:/program files (x86)/atmel/studio/7.0/toolchain/avr8/avr8-gnu-toolchain/bin/../lib/gcc/avr/5.4.0/../../../../avr/lib/avr6\libm.a(gesf2.o)
                              FreeRTOS/src/variantHooks.o (__gtsf2)
d:/program files (x86)/atmel/studio/7.0/toolchain/avr8/avr8-gnu-toolchain/bin/../lib/gcc/avr/5.4.0/../../../../avr/lib/avr6\libm.a(mulsf3.o)
                              FreeRTOS/src/variantHooks.o (__mulsf3)
d:/program files (x86)/atmel/studio/7.0/toolchain/avr8/avr8-gnu-toolchain/bin/../lib/gcc/avr/5.4.0/../../../../avr/lib/avr6\libm.a(mulsf3x.o)
                              d:/program files (x86)/atmel/studio/7.0/toolchain/avr8/avr8-gnu-toolchain/bin/../lib/gcc/avr/5.4.0/../../../../avr/lib/avr6\libm.a(mulsf3.o) (__mulsf3x)
d:/program files (x86)/atmel/studio/7.0/toolchain/avr8/avr8-gnu-toolchain/bin/../lib/gcc/avr/5.4.0/../../../../avr/lib/avr6\libm.a(fp_inf.o)
                              d:/program files (x86)/atmel/studio/7.0/toolchain/avr8/avr8-gnu-toolchain/bin/../lib/gcc/avr/5.4.0/../../../../avr/lib/avr6\libm.a(mulsf3x.o) (__fp_inf)
d:/program files (x86)/atmel/studio/7.0/toolchain/avr8/avr8-gnu-toolchain/bin/../lib/gcc/avr/5.4.0/../../../../avr/lib/avr6\libm.a(fp_nan.o)
                              d:/program files (x86)/atmel/studio/7.0/toolchain/avr8/avr8-gnu-toolchain/bin/../lib/gcc/avr/5.4.0/../../../../avr/lib/avr6\libm.a(mulsf3x.o) (__fp_nan)
d:/program files (x86)/atmel/studio/7.0/toolchain/avr8/avr8-gnu-toolchain/bin/../lib/gcc/avr/5.4.0/../../../../avr/lib/avr6\libm.a(fp_pscA.o)
                              d:/program files (x86)/atmel/studio/7.0/toolchain/avr8/avr8-gnu-toolchain/bin/../lib/gcc/avr/5.4.0/../../../../avr/lib/avr6\libm.a(mulsf3x.o) (__fp_pscA)
d:/program files (x86)/atmel/studio/7.0/toolchain/avr8/avr8-gnu-toolchain/bin/../lib/gcc/avr/5.4.0/../../../../avr/lib/avr6\libm.a(fp_pscB.o)
                              d:/program files (x86)/atmel/studio/7.0/toolchain/avr8/avr8-gnu-toolchain/bin/../lib/gcc/avr/5.4.0/../../../../avr/lib/avr6\libm.a(mulsf3x.o) (__fp_pscB)
d:/program files (x86)/atmel/studio/7.0/toolchain/avr8/avr8-gnu-toolchain/bin/../lib/gcc/avr/5.4.0/../../../../avr/lib/avr6\libm.a(fp_round.o)
                              d:/program files (x86)/atmel/studio/7.0/toolchain/avr8/avr8-gnu-toolchain/bin/../lib/gcc/avr/5.4.0/../../../../avr/lib/avr6\libm.a(mulsf3.o) (__fp_round)
../drivers\libIotLibrary.a(hal.o)
                              main.o (hal_create)
../drivers\libIotLibrary.a(hih8120.o)
                              main.o (hih8120_create)
../drivers\libIotLibrary.a(lora_driver.o)
                              loraWANHandler.o (lora_driver_flushBuffers)
../drivers\libIotLibrary.a(lora_driver_utils.o)
                              ../drivers\libIotLibrary.a(lora_driver.o) (decode_port_no)
../drivers\libIotLibrary.a(mega_register_access.o)
                              ../drivers\libIotLibrary.a(hal.o) (register_access_readRegister)
../drivers\libIotLibrary.a(serial.o)
                              ../drivers\libIotLibrary.a(lora_driver.o) (serial_create)
../drivers\libIotLibrary.a(stdio_driver.o)
[...]
Memory Configuration

Name             Origin             Length             Attributes
text             0x00000000         0x00100000         xr
data             0x00800200         0x0000fe00         rw !x
eeprom           0x00810000         0x00010000         rw !x
fuse             0x00820000         0x00000003         rw !x
lock             0x00830000         0x00000400         rw !x
signature        0x00840000         0x00000400         rw !x
user_signatures  0x00850000         0x00000400         rw !x
*default*        0x00000000         0xffffffff

Linker script and memory map

Address of section .data set to 0x800200
LOAD D:/Program Files (x86)/Atmel/Studio/7.0/Packs/atmel/ATmega_DFP/1.3.300/gcc/dev/atmega2560/avr6/crtatmega2560.o
LOAD loraWANHandler.o
LOAD temperature_task.o
LOAD FreeRTOS/FreeRTOSTraceDriver/FreeRTOSTraceDriver.o
LOAD FreeRTOS/src/croutine.o
LOAD FreeRTOS/src/event_groups.o
LOAD FreeRTOS/src/heap_4.o
LOAD FreeRTOS/src/list.o
LOAD FreeRTOS/src/port.o
LOAD FreeRTOS/src/queue.o
LOAD FreeRTOS/src/stream_buffer.o
LOAD FreeRTOS/src/tasks.o
LOAD FreeRTOS/src/timers.o
LOAD FreeRTOS/src/variantHooks.o
LOAD main.o
START GROUP
LOAD d:/program files (x86)/atmel/studio/7.0/toolchain/avr8/avr8-gnu-toolchain/bin/../lib/gcc/avr/5.4.0/../../../../avr/lib/avr6\libm.a
LOAD ../drivers\libIotLibrary.a
END GROUP
START GROUP
LOAD d:/program files (x86)/atmel/studio/7.0/toolchain/avr8/avr8-gnu-toolchain/bin/../lib/gcc/avr/5.4.0/avr6\libgcc.a
LOAD d:/program files (x86)/atmel/studio/7.0/toolchain/avr8/avr8-gnu-toolchain/bin/../lib/gcc/avr/5.4.0/../../../../avr/lib/avr6\libm.a
LOAD d:/program files (x86)/atmel/studio/7.0/toolchain/avr8/avr8-gnu-toolchain/bin/../lib/gcc/avr/5.4.0/../../../../avr/lib/avr6\libc.a
LOAD D:/Program Files (x86)/Atmel/Studio/7.0/Packs/atmel/ATmega_DFP/1.3.300/gcc/dev/atmega2560/avr6\libatmega2560.a
END GROUP
                0x00000000                __TEXT_REGION_ORIGIN__ = DEFINED (__TEXT_REGION_ORIGIN__)?__TEXT_REGION_ORIGIN__:0x0
                0x00800200                __DATA_REGION_ORIGIN__ = DEFINED (__DATA_REGION_ORIGIN__)?__DATA_REGION_ORIGIN__:0x800200
                0x00100000                __TEXT_REGION_LENGTH__ = DEFINED (__TEXT_REGION_LENGTH__)?__TEXT_REGION_LENGTH__:0x100000
                0x0000fe00                __DATA_REGION_LENGTH__ = DEFINED (__DATA_REGION_LENGTH__)?__DATA_REGION_LENGTH__:0xfe00
                0x00010000                __EEPROM_REGION_LENGTH__ = DEFINED (__EEPROM_REGION_LENGTH__)?__EEPROM_REGION_LENGTH__:0x10000
                [0x00000003]                __FUSE_REGION_LENGTH__ = DEFINED (__FUSE_REGION_LENGTH__)?__FUSE_REGION_LENGTH__:0x400
                0x00000400                __LOCK_REGION_LENGTH__ = DEFINED (__LOCK_REGION_LENGTH__)?__LOCK_REGION_LENGTH__:0x400
                0x00000400                __SIGNATURE_REGION_LENGTH__ = DEFINED (__SIGNATURE_REGION_LENGTH__)?__SIGNATURE_REGION_LENGTH__:0x400
                0x00000400                __USER_SIGNATURE_REGION_LENGTH__ = DEFINED (__USER_SIGNATURE_REGION_LENGTH__)?__USER_SIGNATURE_REGION_LENGTH__:0x400

.hash
 *(.hash)

.dynsym
 *(.dynsym)

.dynstr
 *(.dynstr)

.gnu.version
 *(.gnu.version)

.gnu.version_d
 *(.gnu.version_d)

.gnu.version_r
 *(.gnu.version_r)

.rel.init
 *(.rel.init)

.rela.init
 *(.rela.init)

.rel.text
 *(.rel.text)
 *(.rel.text.*)
 *(.rel.gnu.linkonce.t*)

.rela.text
 *(.rela.text)
 *(.rela.text.*)
 *(.rela.gnu.linkonce.t*)

.rel.fini
 *(.rel.fini)

.rela.fini
 *(.rela.fini)

.rel.rodata
 *(.rel.rodata)
 *(.rel.rodata.*)
 *(.rel.gnu.linkonce.r*)

.rela.rodata
 *(.rela.rodata)
 *(.rela.rodata.*)
 *(.rela.gnu.linkonce.r*)

.rel.data
 *(.rel.data)
 *(.rel.data.*)
 *(.rel.gnu.linkonce.d*)

.rela.data
 *(.rela.data)
 *(.rela.data.*)
 *(.rela.gnu.linkonce.d*)

.rel.ctors
 *(.rel.ctors)

.rela.ctors
 *(.rela.ctors)

.rel.dtors
 *(.rel.dtors)

.rela.dtors
 *(.rela.dtors)

.rel.got
 *(.rel.got)

.rela.got
 *(.rela.got)

.rel.bss
 *(.rel.bss)

.rela.bss
 *(.rela.bss)

.rel.plt
 *(.rel.plt)

.rela.plt
 *(.rela.plt)

.text           0x00000000     0x787c
 *(.vectors)
 .vectors       0x00000000       0xe4 D:/Program Files (x86)/Atmel/Studio/7.0/Packs/atmel/ATmega_DFP/1.3.300/gcc/dev/atmega2560/avr6/crtatmega2560.o
                0x00000000                __vector_default
                0x00000000                __vectors
 *(.vectors)
 *(.progmem.gcc*)
 .progmem.gcc_sw_table.prvProcessReceivedCommands
                0x000000e4       0x14 FreeRTOS/src/timers.o
 .progmem.gcc_sw_table.__vector_39
                0x000000f8       0xa2 ../drivers\libIotLibrary.a(twi.o)
                0x0000019a                . = ALIGN (0x2)
                0x0000019a                __trampolines_start = .
 *(.trampolines)
 .trampolines   0x0000019a        0x0 linker stubs
 *(.trampolines*)
                0x0000019a                __trampolines_end = .
 *libprintf_flt.a:*(.progmem.data)
 *libc.a:*(.progmem.data)
 *(.progmem*)
                0x0000019a                . = ALIGN (0x2)
 *(.jumptables)
 *(.jumptables*)
 *(.lowtext)
 .lowtext       0x0000019a       0x26 FreeRTOS/src/tasks.o
 .lowtext       0x000001c0       0x46 FreeRTOS/src/timers.o
 *(.lowtext*)
                0x00000206                __ctors_start = .
 *(.ctors)
                0x00000206                __ctors_end = .
                0x00000206                __dtors_start = .
 *(.dtors)
                0x00000206                __dtors_end = .
 SORT(*)(.ctors)
 SORT(*)(.dtors)
 *(.init0)
 .init0         0x00000206        0x0 D:/Program Files (x86)/Atmel/Studio/7.0/Packs/atmel/ATmega_DFP/1.3.300/gcc/dev/atmega2560/avr6/crtatmega2560.o
                0x00000206                __init
 *(.init0)
 *(.init1)
 *(.init1)
 *(.init2)
 .init2         0x00000206       0x10 D:/Program Files (x86)/Atmel/Studio/7.0/Packs/atmel/ATmega_DFP/1.3.300/gcc/dev/atmega2560/avr6/crtatmega2560.o
 *(.init2)
 *(.init3)
 *(.init3)
 *(.init4)
 .init4         0x00000216       0x1a d:/program files (x86)/atmel/studio/7.0/toolchain/avr8/avr8-gnu-toolchain/bin/../lib/gcc/avr/5.4.0/avr6\libgcc.a(_copy_data.o)
                0x00000216                __do_copy_data
 .init4         0x00000230       0x10 d:/program files (x86)/atmel/studio/7.0/toolchain/avr8/avr8-gnu-toolchain/bin/../lib/gcc/avr/5.4.0/avr6\libgcc.a(_clear_bss.o)
                0x00000230                __do_clear_bss
 *(.init4)
 *(.init5)
 *(.init5)
 *(.init6)
 *(.init6)
 *(.init7)
 *(.init7)
 *(.init8)
 *(.init8)
 *(.init9)
 .init9         0x00000240        0x8 D:/Program Files (x86)/Atmel/Studio/7.0/Packs/atmel/ATmega_DFP/1.3.300/gcc/dev/atmega2560/avr6/crtatmega2560.o
 *(.init9)
 *(.text)
 .text          0x00000248        0x2 D:/Program Files (x86)/Atmel/Studio/7.0/Packs/atmel/ATmega_DFP/1.3.300/gcc/dev/atmega2560/avr6/crtatmega2560.o
                0x00000248                __vector_38
                0x00000248                __vector_22
                0x00000248                __vector_28
                0x00000248                __vector_1
                0x00000248                __vector_32
                0x00000248                __vector_34
                0x00000248                __vector_24
                0x00000248                __vector_46
                0x00000248                __bad_interrupt
                0x00000248                __vector_6
                0x00000248                __vector_31
                0x00000248                __vector_35
                0x00000248                __vector_3
                0x00000248                __vector_23
                0x00000248                __vector_30
                0x00000248                __vector_45
                0x00000248                __vector_11
                0x00000248                __vector_13
                0x00000248                __vector_17
                0x00000248                __vector_19
                0x00000248                __vector_56
                0x00000248                __vector_7
                0x00000248                __vector_49
                0x00000248                __vector_41
                0x00000248                __vector_43
                0x00000248                __vector_27
                0x00000248                __vector_5
                0x00000248                __vector_33
                0x00000248                __vector_47
                0x00000248                __vector_4
                0x00000248                __vector_44
                0x00000248                __vector_9
                0x00000248                __vector_2
                0x00000248                __vector_21
                0x00000248                __vector_15
                0x00000248                __vector_29
                0x00000248                __vector_40
                0x00000248                __vector_8
                0x00000248                __vector_48
                0x00000248                __vector_14
                0x00000248                __vector_53
                0x00000248                __vector_10
                0x00000248                __vector_50
                0x00000248                __vector_16
                0x00000248                __vector_18
                0x00000248                __vector_20
                0x00000248                __vector_42
                0x0000024a                . = ALIGN (0x2)
 *(.text.*)
 .text.lora_handler_create
                0x0000024a       0x3c loraWANHandler.o
                0x0000024a                lora_handler_create
 .text._lora_setup
                0x00000286      0x26a loraWANHandler.o
 .text.lora_handler_task
                0x000004f0      0x11a loraWANHandler.o
                0x000004f0                lora_handler_task
 .text.getTemperatureFromSensor
                0x0000060a       0xd6 temperature_task.o
                0x0000060a                getTemperatureFromSensor
 .text.trace_init
                0x000006e0       0x22 FreeRTOS/FreeRTOSTraceDriver/FreeRTOSTraceDriver.o
                0x000006e0                trace_init
 .text.task_switch_in
                0x00000702       0x40 FreeRTOS/FreeRTOSTraceDriver/FreeRTOSTraceDriver.o
                0x00000702                task_switch_in
 .text.task_switch_out
                0x00000742       0x28 FreeRTOS/FreeRTOSTraceDriver/FreeRTOSTraceDriver.o
                0x00000742                task_switch_out
 .text.pvPortMalloc
                0x0000076a      0x1fe FreeRTOS/src/heap_4.o
                0x0000076a                pvPortMalloc
 .text.vPortFree
                0x00000968       0xcc FreeRTOS/src/heap_4.o
                0x00000968                vPortFree
 .text.prvHeapInit
                0x00000a34      0x100 FreeRTOS/src/heap_4.o
 .text.prvInsertBlockIntoFreeList
                0x00000b34      0x168 FreeRTOS/src/heap_4.o
 .text.vListInitialise
                0x00000c9c       0x74 FreeRTOS/src/list.o
                0x00000c9c                vListInitialise
 .text.vListInitialiseItem
                0x00000d10       0x26 FreeRTOS/src/list.o
                0x00000d10                vListInitialiseItem
 .text.vListInsertEnd
                0x00000d36       0x9c FreeRTOS/src/list.o
                0x00000d36                vListInsertEnd
 .text.vListInsert
                0x00000dd2      0x10e FreeRTOS/src/list.o
                0x00000dd2                vListInsert
 .text.uxListRemove
                0x00000ee0       0xae FreeRTOS/src/list.o
                0x00000ee0                uxListRemove
 .text.pxPortInitialiseStack
                0x00000f8e      0x388 FreeRTOS/src/port.o
                0x00000f8e                pxPortInitialiseStack
 .text.xPortStartScheduler
                0x00001316       0x70 FreeRTOS/src/port.o
                0x00001316                xPortStartScheduler
 .text.vPortYield
                0x00001386       0xc4 FreeRTOS/src/port.o
                0x00001386                vPortYield
 .text.vPortYieldFromTick
                0x0000144a       0xd4 FreeRTOS/src/port.o
                0x0000144a                vPortYieldFromTick
 .text.prvSetupTimerInterrupt
                0x0000151e       0x3e FreeRTOS/src/port.o
 .text.__vector_12
                0x0000155c        0x6 FreeRTOS/src/port.o
                0x0000155c                __vector_12
 .text.xQueueGenericReset
                0x00001562      0x120 FreeRTOS/src/queue.o
                0x00001562                xQueueGenericReset
 .text.xQueueGenericCreate
                0x00001682       0x9c FreeRTOS/src/queue.o
                0x00001682                xQueueGenericCreate
 .text.prvInitialiseNewQueue
                0x0000171e       0x88 FreeRTOS/src/queue.o
 .text.prvInitialiseMutex
                0x000017a6       0x56 FreeRTOS/src/queue.o
 .text.xQueueCreateMutex
                0x000017fc       0x3c FreeRTOS/src/queue.o
                0x000017fc                xQueueCreateMutex
 .text.xQueueGenericSend
                0x00001838      0x16c FreeRTOS/src/queue.o
                0x00001838                xQueueGenericSend
 .text.xQueueGenericSendFromISR
                0x000019a4       0xbc FreeRTOS/src/queue.o
                0x000019a4                xQueueGenericSendFromISR
 .text.xQueueReceive
                0x00001a60      0x168 FreeRTOS/src/queue.o
                0x00001a60                xQueueReceive
 .text.prvCopyDataToQueue
                0x00001bc8      0x1a0 FreeRTOS/src/queue.o
 .text.prvCopyDataFromQueue
                0x00001d68       0xa2 FreeRTOS/src/queue.o
 .text.prvUnlockQueue
                0x00001e0a       0xbc FreeRTOS/src/queue.o
 .text.prvIsQueueEmpty
                0x00001ec6       0x3a FreeRTOS/src/queue.o
 .text.prvIsQueueFull
                0x00001f00       0x42 FreeRTOS/src/queue.o
 .text.vQueueWaitForMessageRestricted
                0x00001f42       0x9e FreeRTOS/src/queue.o
                0x00001f42                vQueueWaitForMessageRestricted
 .text.xStreamBufferGenericCreate
                0x00001fe0       0x90 FreeRTOS/src/stream_buffer.o
                0x00001fe0                xStreamBufferGenericCreate
 .text.xStreamBufferReset
                0x00002070       0xb2 FreeRTOS/src/stream_buffer.o
                0x00002070                xStreamBufferReset
 .text.xStreamBufferSpacesAvailable
                0x00002122       0x9c FreeRTOS/src/stream_buffer.o
                0x00002122                xStreamBufferSpacesAvailable
 .text.xStreamBufferSend
                0x000021be      0x1a8 FreeRTOS/src/stream_buffer.o
                0x000021be                xStreamBufferSend
 .text.xStreamBufferSendFromISR
                0x00002366       0xf8 FreeRTOS/src/stream_buffer.o
                0x00002366                xStreamBufferSendFromISR
 .text.prvWriteMessageToBuffer
                0x0000245e       0xd8 FreeRTOS/src/stream_buffer.o
 .text.xStreamBufferReceive
                0x00002536      0x186 FreeRTOS/src/stream_buffer.o
                0x00002536                xStreamBufferReceive
 .text.prvReadMessageFromBuffer
                0x000026bc       0xcc FreeRTOS/src/stream_buffer.o
 .text.prvWriteBytesToBuffer
                0x00002788      0x11e FreeRTOS/src/stream_buffer.o
 .text.prvReadBytesFromBuffer
                0x000028a6      0x14e FreeRTOS/src/stream_buffer.o
 .text.prvBytesInBuffer
                0x000029f4       0x86 FreeRTOS/src/stream_buffer.o
 .text.prvInitialiseNewStreamBuffer
                0x00002a7a       0x82 FreeRTOS/src/stream_buffer.o
 .text.xTaskCreate
                0x00002afc       0xdc FreeRTOS/src/tasks.o
                0x00002afc                xTaskCreate
 .text.prvInitialiseNewTask
                0x00002bd8      0x1da FreeRTOS/src/tasks.o
 .text.prvAddNewTaskToReadyList
                0x00002db2      0x102 FreeRTOS/src/tasks.o
 .text.vTaskDelayUntil
                0x00002eb4      0x178 FreeRTOS/src/tasks.o
                0x00002eb4                vTaskDelayUntil
 .text.vTaskDelay
                0x0000302c       0x5c FreeRTOS/src/tasks.o
                0x0000302c                vTaskDelay
 .text.vTaskStartScheduler
                0x00003088       0x98 FreeRTOS/src/tasks.o
                0x00003088                vTaskStartScheduler
 .text.vTaskSuspendAll
                0x00003120       0x1a FreeRTOS/src/tasks.o
                0x00003120                vTaskSuspendAll
 .text.xTaskResumeAll
                0x0000313a      0x124 FreeRTOS/src/tasks.o
                0x0000313a                xTaskResumeAll
 .text.xTaskGetTickCount
                0x0000325e       0x48 FreeRTOS/src/tasks.o
                0x0000325e                xTaskGetTickCount
 .text.xTaskIncrementTick
                0x000032a6      0x22a FreeRTOS/src/tasks.o
                0x000032a6                xTaskIncrementTick
 .text.vTaskSwitchContext
                0x000034d0      0x13c FreeRTOS/src/tasks.o
                0x000034d0                vTaskSwitchContext
 .text.vTaskPlaceOnEventList
                0x0000360c       0x54 FreeRTOS/src/tasks.o
                0x0000360c                vTaskPlaceOnEventList
 .text.vTaskPlaceOnEventListRestricted
                0x00003660       0x72 FreeRTOS/src/tasks.o
                0x00003660                vTaskPlaceOnEventListRestricted
 .text.xTaskRemoveFromEventList
                0x000036d2       0xd4 FreeRTOS/src/tasks.o
                0x000036d2                xTaskRemoveFromEventList
 .text.vTaskSetTimeOutState
                0x000037a6       0x50 FreeRTOS/src/tasks.o
                0x000037a6                vTaskSetTimeOutState
 .text.vTaskInternalSetTimeOutState
                0x000037f6       0x46 FreeRTOS/src/tasks.o
                0x000037f6                vTaskInternalSetTimeOutState
 .text.xTaskCheckForTimeOut
                0x0000383c      0x152 FreeRTOS/src/tasks.o
                0x0000383c                xTaskCheckForTimeOut
 .text.vTaskMissedYield
                0x0000398e       0x16 FreeRTOS/src/tasks.o
                0x0000398e                vTaskMissedYield
 .text.prvInitialiseTaskLists
                0x000039a4       0x7e FreeRTOS/src/tasks.o
 .text.prvCheckTasksWaitingTermination
                0x00003a22       0x62 FreeRTOS/src/tasks.o
 .text.prvDeleteTCB
                0x00003a84       0x32 FreeRTOS/src/tasks.o
 .text.prvResetNextTaskUnblockTime
                0x00003ab6       0x76 FreeRTOS/src/tasks.o
 .text.xTaskGetCurrentTaskHandle
                0x00003b2c       0x26 FreeRTOS/src/tasks.o
                0x00003b2c                xTaskGetCurrentTaskHandle
 .text.xTaskGetSchedulerState
                0x00003b52       0x32 FreeRTOS/src/tasks.o
                0x00003b52                xTaskGetSchedulerState
 .text.xTaskPriorityDisinherit
                0x00003b84      0x11c FreeRTOS/src/tasks.o
                0x00003b84                xTaskPriorityDisinherit
 .text.xTaskNotifyWait
                0x00003ca0      0x166 FreeRTOS/src/tasks.o
                0x00003ca0                xTaskNotifyWait
 .text.xTaskGenericNotify
                0x00003e06      0x1bc FreeRTOS/src/tasks.o
                0x00003e06                xTaskGenericNotify
 .text.xTaskGenericNotifyFromISR
                0x00003fc2      0x1f0 FreeRTOS/src/tasks.o
                0x00003fc2                xTaskGenericNotifyFromISR
 .text.xTaskNotifyStateClear
                0x000041b2       0x64 FreeRTOS/src/tasks.o
                0x000041b2                xTaskNotifyStateClear
 .text.prvAddCurrentTaskToDelayedList
                0x00004216      0x14e FreeRTOS/src/tasks.o
 .text.xTimerCreateTimerTask
                0x00004364       0x54 FreeRTOS/src/timers.o
                0x00004364                xTimerCreateTimerTask
 .text.xTimerGenericCommand
                0x000043b8       0xf0 FreeRTOS/src/timers.o
                0x000043b8                xTimerGenericCommand
 .text.prvProcessExpiredTimer
                0x000044a8      0x116 FreeRTOS/src/timers.o
 .text.prvProcessTimerOrBlockTask
                0x000045be       0xfe FreeRTOS/src/timers.o
 .text.prvGetNextExpireTime
                0x000046bc       0x82 FreeRTOS/src/timers.o
 .text.prvSampleTimeNow
                0x0000473e       0x8e FreeRTOS/src/timers.o
 .text.prvInsertTimerInActiveList
                0x000047cc      0x13e FreeRTOS/src/timers.o
 .text.prvProcessReceivedCommands
                0x0000490a      0x244 FreeRTOS/src/timers.o
 .text.prvSwitchTimerLists
                0x00004b4e      0x186 FreeRTOS/src/timers.o
 .text.prvCheckForValidListAndQueue
                0x00004cd4       0x60 FreeRTOS/src/timers.o
 .text.vApplicationIdleHook
                0x00004d34       0x10 FreeRTOS/src/variantHooks.o
                0x00004d34                vApplicationIdleHook
 .text.vApplicationMallocFailedHook
                0x00004d44      0x124 FreeRTOS/src/variantHooks.o
                0x00004d44                vApplicationMallocFailedHook
 .text.vApplicationStackOverflowHook
                0x00004e68      0x12c FreeRTOS/src/variantHooks.o
                0x00004e68                vApplicationStackOverflowHook
 .text.create_tasks_and_semaphores
                0x00004f94       0x74 main.o
                0x00004f94                create_tasks_and_semaphores
 .text.getTemperature
                0x00005008       0x5e main.o
                0x00005008                getTemperature
 .text.initialiseSystem
                0x00005066       0x6c main.o
                0x00005066                initialiseSystem
 .text.main     0x000050d2       0x18 main.o
                0x000050d2                main
 .text.avr-libc.fplib
                0x000050ea        0x8 d:/program files (x86)/atmel/studio/7.0/toolchain/avr8/avr8-gnu-toolchain/bin/../lib/gcc/avr/5.4.0/../../../../avr/lib/avr6\libm.a(cmpsf2.o)
                0x000050ea                __nesf2
                0x000050ea                __eqsf2
                0x000050ea                __cmpsf2
                0x000050ea                __ltsf2
                0x000050ea                __lesf2
 .text.avr-libc.fplib
                0x000050f2        0xa d:/program files (x86)/atmel/studio/7.0/toolchain/avr8/avr8-gnu-toolchain/bin/../lib/gcc/avr/5.4.0/../../../../avr/lib/avr6\libm.a(fixsfsi.o)
                0x000050f2                __fixsfsi
 .text.avr-libc.fplib
                0x000050fc       0x58 d:/program files (x86)/atmel/studio/7.0/toolchain/avr8/avr8-gnu-toolchain/bin/../lib/gcc/avr/5.4.0/../../../../avr/lib/avr6\libm.a(fixunssfsi.o)
                0x000050fc                __fixunssfsi
 .text.avr-libc.fplib
                0x00005154       0x7a d:/program files (x86)/atmel/studio/7.0/toolchain/avr8/avr8-gnu-toolchain/bin/../lib/gcc/avr/5.4.0/../../../../avr/lib/avr6\libm.a(floatsisf.o)
                0x00005154                __floatunsisf
                0x00005158                __floatsisf
 .text.avr-libc.fplib
                0x000051ce       0x48 d:/program files (x86)/atmel/studio/7.0/toolchain/avr8/avr8-gnu-toolchain/bin/../lib/gcc/avr/5.4.0/../../../../avr/lib/avr6\libm.a(fp_cmp.o)
                0x000051ce                __fp_cmp
 .text.avr-libc.fplib
                0x00005216       0x44 d:/program files (x86)/atmel/studio/7.0/toolchain/avr8/avr8-gnu-toolchain/bin/../lib/gcc/avr/5.4.0/../../../../avr/lib/avr6\libm.a(fp_split3.o)
                0x00005216                __fp_split3
                0x00005226                __fp_splitA
 .text.avr-libc.fplib
                0x0000525a        0xe d:/program files (x86)/atmel/studio/7.0/toolchain/avr8/avr8-gnu-toolchain/bin/../lib/gcc/avr/5.4.0/../../../../avr/lib/avr6\libm.a(fp_zero.o)
                0x0000525a                __fp_zero
                0x0000525c                __fp_szero
 .text.avr-libc.fplib
                0x00005268        0x8 d:/program files (x86)/atmel/studio/7.0/toolchain/avr8/avr8-gnu-toolchain/bin/../lib/gcc/avr/5.4.0/../../../../avr/lib/avr6\libm.a(gesf2.o)
                0x00005268                __gesf2
                0x00005268                __gtsf2
 .text.avr-libc.fplib
                0x00005270        0x4 d:/program files (x86)/atmel/studio/7.0/toolchain/avr8/avr8-gnu-toolchain/bin/../lib/gcc/avr/5.4.0/../../../../avr/lib/avr6\libm.a(mulsf3.o)
                0x00005270                __mulsf3
 .text.avr-libc.fplib
                0x00005274       0xc2 d:/program files (x86)/atmel/studio/7.0/toolchain/avr8/avr8-gnu-toolchain/bin/../lib/gcc/avr/5.4.0/../../../../avr/lib/avr6\libm.a(mulsf3x.o)
                0x00005288                __mulsf3x
                0x0000528c                __mulsf3_pse
 .text.avr-libc.fplib
                0x00005336        0xc d:/program files (x86)/atmel/studio/7.0/toolchain/avr8/avr8-gnu-toolchain/bin/../lib/gcc/avr/5.4.0/../../../../avr/lib/avr6\libm.a(fp_inf.o)
                0x00005336                __fp_inf
 .text.avr-libc.fplib
                0x00005342        0x6 d:/program files (x86)/atmel/studio/7.0/toolchain/avr8/avr8-gnu-toolchain/bin/../lib/gcc/avr/5.4.0/../../../../avr/lib/avr6\libm.a(fp_nan.o)
                0x00005342                __fp_nan
 .text.avr-libc.fplib
                0x00005348        0xe d:/program files (x86)/atmel/studio/7.0/toolchain/avr8/avr8-gnu-toolchain/bin/../lib/gcc/avr/5.4.0/../../../../avr/lib/avr6\libm.a(fp_pscA.o)
                0x00005348                __fp_pscA
 .text.avr-libc.fplib
                0x00005356        0xe d:/program files (x86)/atmel/studio/7.0/toolchain/avr8/avr8-gnu-toolchain/bin/../lib/gcc/avr/5.4.0/../../../../avr/lib/avr6\libm.a(fp_pscB.o)
                0x00005356                __fp_pscB
 .text.avr-libc.fplib
                0x00005364       0x22 d:/program files (x86)/atmel/studio/7.0/toolchain/avr8/avr8-gnu-toolchain/bin/../lib/gcc/avr/5.4.0/../../../../avr/lib/avr6\libm.a(fp_round.o)
                0x00005364                __fp_round
 .text.hal_create
                0x00005386       0x62 ../drivers\libIotLibrary.a(hal.o)
                0x00005386                hal_create
 .text._hihTwiCallback
                0x000053e8       0x5a ../drivers\libIotLibrary.a(hih8120.o)
 .text.hih8120_create
                0x00005442       0x30 ../drivers\libIotLibrary.a(hih8120.o)
                0x00005442                hih8120_create
 .text.hih8120_wakeup
                0x00005472       0x2a ../drivers\libIotLibrary.a(hih8120.o)
                0x00005472                hih8120_wakeup
 .text.hih8120_measure
                0x0000549c       0x22 ../drivers\libIotLibrary.a(hih8120.o)
                0x0000549c                hih8120_measure
 .text.hih8120_getTemperature
                0x000054be       0x32 ../drivers\libIotLibrary.a(hih8120.o)
                0x000054be                hih8120_getTemperature
 .text.hih8120_getTemperature_x10
                0x000054f0       0x12 ../drivers\libIotLibrary.a(hih8120.o)
                0x000054f0                hih8120_getTemperature_x10
 .text._serialCallBack
                0x00005502       0x8c ../drivers\libIotLibrary.a(lora_driver.o)
 .text._uploadMessage
                0x0000558e       0xb4 ../drivers\libIotLibrary.a(lora_driver.o)
 .text._reply2ReturnCode
                0x00005642       0xea ../drivers\libIotLibrary.a(lora_driver.o)
 .text._uploadMessageRc
                0x0000572c        0x6 ../drivers\libIotLibrary.a(lora_driver.o)
 .text.lora_driver_flushBuffers
                0x00005732        0xe ../drivers\libIotLibrary.a(lora_driver.o)
                0x00005732                lora_driver_flushBuffers
 .text.lora_driver_create
                0x00005740       0x86 ../drivers\libIotLibrary.a(lora_driver.o)
                0x00005740                lora_driver_create
 .text.lora_driver_resetRn2483
                0x000057c6       0x28 ../drivers\libIotLibrary.a(lora_driver.o)
                0x000057c6                lora_driver_resetRn2483
 .text.lora_driver_rn2483FactoryReset
                0x000057ee       0x24 ../drivers\libIotLibrary.a(lora_driver.o)
                0x000057ee                lora_driver_rn2483FactoryReset
 .text.lora_driver_getRn2483Hweui
                0x00005812       0x38 ../drivers\libIotLibrary.a(lora_driver.o)
                0x00005812                lora_driver_getRn2483Hweui
 .text.lora_driver_setDeviceIdentifier
                0x0000584a       0x22 ../drivers\libIotLibrary.a(lora_driver.o)
                0x0000584a                lora_driver_setDeviceIdentifier
 .text.lora_driver_setApplicationIdentifier
                0x0000586c       0x22 ../drivers\libIotLibrary.a(lora_driver.o)
                0x0000586c                lora_driver_setApplicationIdentifier
 .text.lora_driver_setApplicationKey
                0x0000588e       0x22 ../drivers\libIotLibrary.a(lora_driver.o)
                0x0000588e                lora_driver_setApplicationKey
 .text.lora_driver_saveMac
                0x000058b0        0xc ../drivers\libIotLibrary.a(lora_driver.o)
                0x000058b0                lora_driver_saveMac
 .text.lora_driver_join
                0x000058bc       0x52 ../drivers\libIotLibrary.a(lora_driver.o)
                0x000058bc                lora_driver_join
 .text.lora_driver_sendUploadMessage
                0x0000590e      0x196 ../drivers\libIotLibrary.a(lora_driver.o)
                0x0000590e                lora_driver_sendUploadMessage
 .text.lora_driver_setAdaptiveDataRate
                0x00005aa4       0x16 ../drivers\libIotLibrary.a(lora_driver.o)
                0x00005aa4                lora_driver_setAdaptiveDataRate
 .text.lora_driver_setReceiveDelay
                0x00005aba       0x30 ../drivers\libIotLibrary.a(lora_driver.o)
                0x00005aba                lora_driver_setReceiveDelay
 .text.lora_driver_configureToEu868
                0x00005aea      0x1bc ../drivers\libIotLibrary.a(lora_driver.o)
                0x00005aea                lora_driver_configureToEu868
 .text.lora_driver_setOtaaIdentity
                0x00005ca6       0x42 ../drivers\libIotLibrary.a(lora_driver.o)
                0x00005ca6                lora_driver_setOtaaIdentity
 .text.lora_driver_mapReturnCodeToText
                0x00005ce8       0x18 ../drivers\libIotLibrary.a(lora_driver.o)
                0x00005ce8                lora_driver_mapReturnCodeToText
 .text.decode_port_no
                0x00005d00       0x58 ../drivers\libIotLibrary.a(lora_driver_utils.o)
                0x00005d00                decode_port_no
 .text.decode_hexadecimal_string_bytes
                0x00005d58       0x92 ../drivers\libIotLibrary.a(lora_driver_utils.o)
                0x00005d58                decode_hexadecimal_string_bytes
 .text.register_access_readRegister
                0x00005dea        0x6 ../drivers\libIotLibrary.a(mega_register_access.o)
                0x00005dea                register_access_readRegister
 .text.register_access_readBit
                0x00005df0       0x16 ../drivers\libIotLibrary.a(mega_register_access.o)
                0x00005df0                register_access_readBit
 .text.register_access_readBits
                0x00005e06        0x8 ../drivers\libIotLibrary.a(mega_register_access.o)
                0x00005e06                register_access_readBits
 .text.register_access_setRegister
                0x00005e0e        0x6 ../drivers\libIotLibrary.a(mega_register_access.o)
                0x00005e0e                register_access_setRegister
 .text.register_access_clearRegister
                0x00005e14        0x6 ../drivers\libIotLibrary.a(mega_register_access.o)
                0x00005e14                register_access_clearRegister
 .text.register_access_setBit
                0x00005e1a       0x18 ../drivers\libIotLibrary.a(mega_register_access.o)
                0x00005e1a                register_access_setBit
 .text.register_access_setBits
                0x00005e32        0xa ../drivers\libIotLibrary.a(mega_register_access.o)
                0x00005e32                register_access_setBits
 .text.register_access_toggleBit
                0x00005e3c       0x18 ../drivers\libIotLibrary.a(mega_register_access.o)
                0x00005e3c                register_access_toggleBit
 .text.register_access_toggleBits
                0x00005e54        0xa ../drivers\libIotLibrary.a(mega_register_access.o)
                0x00005e54                register_access_toggleBits
 .text.register_access_clearBit
                0x00005e5e       0x1a ../drivers\libIotLibrary.a(mega_register_access.o)
                0x00005e5e                register_access_clearBit
 .text.register_access_clearBits
                0x00005e78        0xc ../drivers\libIotLibrary.a(mega_register_access.o)
                0x00005e78                register_access_clearBits
 .text.serial_create
                0x00005e84      0x132 ../drivers\libIotLibrary.a(serial.o)
                0x00005e84                serial_create
 .text.serial_sendByte
                0x00005fb6       0x4a ../drivers\libIotLibrary.a(serial.o)
                0x00005fb6                serial_sendByte
 .text.serial_sendBytes
                0x00006000       0xa0 ../drivers\libIotLibrary.a(serial.o)
                0x00006000                serial_sendBytes
 .text.serial_getByte
                0x000060a0       0x38 ../drivers\libIotLibrary.a(serial.o)
                0x000060a0                serial_getByte
 .text.__vector_25
                0x000060d8       0xa4 ../drivers\libIotLibrary.a(serial.o)
                0x000060d8                __vector_25
 .text.__vector_26
                0x0000617c       0x88 ../drivers\libIotLibrary.a(serial.o)
                0x0000617c                __vector_26
 .text.__vector_36
                0x00006204       0xa4 ../drivers\libIotLibrary.a(serial.o)
                0x00006204                __vector_36
 .text.__vector_37
                0x000062a8       0x88 ../drivers\libIotLibrary.a(serial.o)
                0x000062a8                __vector_37
 .text.__vector_51
                0x00006330       0xa4 ../drivers\libIotLibrary.a(serial.o)
                0x00006330                __vector_51
 .text.__vector_52
                0x000063d4       0x88 ../drivers\libIotLibrary.a(serial.o)
                0x000063d4                __vector_52
 .text.__vector_54
                0x0000645c       0xa4 ../drivers\libIotLibrary.a(serial.o)
                0x0000645c                __vector_54
 .text.__vector_55
                0x00006500       0x88 ../drivers\libIotLibrary.a(serial.o)
                0x00006500                __vector_55
 .text.usart_getchar
                0x00006588       0x2a ../drivers\libIotLibrary.a(stdio_driver.o)
 .text.usart_putchar
                0x000065b2       0x12 ../drivers\libIotLibrary.a(stdio_driver.o)
 .text.stdio_create
                0x000065c4       0x52 ../drivers\libIotLibrary.a(stdio_driver.o)
                0x000065c4                stdio_create
 .text._turn_off
                0x00006616       0x98 ../drivers\libIotLibrary.a(status_leds.o)
 .text._turn_on
                0x000066ae       0x98 ../drivers\libIotLibrary.a(status_leds.o)
 .text._hal_led_task
                0x00006746       0x8c ../drivers\libIotLibrary.a(status_leds.o)
 .text.status_leds_create
                0x000067d2       0x9c ../drivers\libIotLibrary.a(status_leds.o)
                0x000067d2                status_leds_create
 .text.status_leds_slowBlink
                0x0000686e       0x46 ../drivers\libIotLibrary.a(status_leds.o)
                0x0000686e                status_leds_slowBlink
 .text.status_leds_fastBlink
                0x000068b4       0x46 ../drivers\libIotLibrary.a(status_leds.o)
                0x000068b4                status_leds_fastBlink
 .text.status_leds_ledOn
                0x000068fa       0x1e ../drivers\libIotLibrary.a(status_leds.o)
                0x000068fa                status_leds_ledOn
 .text.status_leds_ledOff
                0x00006918       0x1e ../drivers\libIotLibrary.a(status_leds.o)
                0x00006918                status_leds_ledOff
 .text.status_leds_longPuls
                0x00006936       0x24 ../drivers\libIotLibrary.a(status_leds.o)
                0x00006936                status_leds_longPuls
 .text.status_leds_shortPuls
                0x0000695a       0x24 ../drivers\libIotLibrary.a(status_leds.o)
                0x0000695a                status_leds_shortPuls
 .text._initTwiInterface
                0x0000697e       0x22 ../drivers\libIotLibrary.a(twi.o)
 .text.twiCreate
                0x000069a0       0x9a ../drivers\libIotLibrary.a(twi.o)
                0x000069a0                twiCreate
 .text.twiIsBusy
                0x00006a3a        0x8 ../drivers\libIotLibrary.a(twi.o)
                0x00006a3a                twiIsBusy
 .text.twiTransmit
                0x00006a42       0x98 ../drivers\libIotLibrary.a(twi.o)
                0x00006a42                twiTransmit
 .text.twiReceive
                0x00006ada       0x66 ../drivers\libIotLibrary.a(twi.o)
                0x00006ada                twiReceive
 .text.__vector_39
                0x00006b40      0x17a ../drivers\libIotLibrary.a(twi.o)
                0x00006b40                __vector_39
 .text.fifo_init
                0x00006cba       0x38 ../drivers\libIotLibrary.a(fifo.o)
                0x00006cba                fifo_init
 .text.avr-libc.fplib
                0x00006cf2        0xc d:/program files (x86)/atmel/studio/7.0/toolchain/avr8/avr8-gnu-toolchain/bin/../lib/gcc/avr/5.4.0/../../../../avr/lib/avr6\libm.a(addsf3.o)
                0x00006cf2                __subsf3
                0x00006cf4                __addsf3
 .text.avr-libc.fplib
                0x00006cfe       0xcc d:/program files (x86)/atmel/studio/7.0/toolchain/avr8/avr8-gnu-toolchain/bin/../lib/gcc/avr/5.4.0/../../../../avr/lib/avr6\libm.a(addsf3x.o)
                0x00006d20                __addsf3x
 .text.avr-libc.fplib
                0x00006dca        0x6 d:/program files (x86)/atmel/studio/7.0/toolchain/avr8/avr8-gnu-toolchain/bin/../lib/gcc/avr/5.4.0/../../../../avr/lib/avr6\libm.a(divsf3.o)
                0x00006dca                __divsf3
 .text.avr-libc.fplib
                0x00006dd0       0xdc d:/program files (x86)/atmel/studio/7.0/toolchain/avr8/avr8-gnu-toolchain/bin/../lib/gcc/avr/5.4.0/../../../../avr/lib/avr6\libm.a(divsf3x.o)
                0x00006df0                __divsf3x
                0x00006df6                __divsf3_pse
 .text.libgcc.div
                0x00006eac       0x44 d:/program files (x86)/atmel/studio/7.0/toolchain/avr8/avr8-gnu-toolchain/bin/../lib/gcc/avr/5.4.0/avr6\libgcc.a(_udivmodsi4.o)
                0x00006eac                __udivmodsi4
 .text.libgcc   0x00006ef0       0x10 d:/program files (x86)/atmel/studio/7.0/toolchain/avr8/avr8-gnu-toolchain/bin/../lib/gcc/avr/5.4.0/avr6\libgcc.a(_tablejump2.o)
                0x00006ef0                __tablejump2__
 .text.avr-libc
                0x00006f00       0x34 d:/program files (x86)/atmel/studio/7.0/toolchain/avr8/avr8-gnu-toolchain/bin/../lib/gcc/avr/5.4.0/../../../../avr/lib/avr6\libc.a(calloc.o)
                0x00006f00                calloc
 .text.avr-libc
                0x00006f34      0x242 d:/program files (x86)/atmel/studio/7.0/toolchain/avr8/avr8-gnu-toolchain/bin/../lib/gcc/avr/5.4.0/../../../../avr/lib/avr6\libc.a(malloc.o)
                0x00006f34                malloc
                0x00007064                free
 .text.avr-libc
                0x00007176        0x8 d:/program files (x86)/atmel/studio/7.0/toolchain/avr8/avr8-gnu-toolchain/bin/../lib/gcc/avr/5.4.0/../../../../avr/lib/avr6\libc.a(abort.o)
                0x00007176                abort
 .text.avr-libc
                0x0000717e       0x12 d:/program files (x86)/atmel/studio/7.0/toolchain/avr8/avr8-gnu-toolchain/bin/../lib/gcc/avr/5.4.0/../../../../avr/lib/avr6\libc.a(memcpy.o)
                0x0000717e                memcpy
 .text.avr-libc
                0x00007190        0xe d:/program files (x86)/atmel/studio/7.0/toolchain/avr8/avr8-gnu-toolchain/bin/../lib/gcc/avr/5.4.0/../../../../avr/lib/avr6\libc.a(memset.o)
                0x00007190                memset
 .text.avr-libc
                0x0000719e       0x4a d:/program files (x86)/atmel/studio/7.0/toolchain/avr8/avr8-gnu-toolchain/bin/../lib/gcc/avr/5.4.0/../../../../avr/lib/avr6\libc.a(strcasestr.o)
                0x0000719e                strcasestr
 .text.avr-libc
                0x000071e8       0x16 d:/program files (x86)/atmel/studio/7.0/toolchain/avr8/avr8-gnu-toolchain/bin/../lib/gcc/avr/5.4.0/../../../../avr/lib/avr6\libc.a(strcat.o)
                0x000071e8                strcat
 .text.avr-libc
                0x000071fe        0xe d:/program files (x86)/atmel/studio/7.0/toolchain/avr8/avr8-gnu-toolchain/bin/../lib/gcc/avr/5.4.0/../../../../avr/lib/avr6\libc.a(strcpy.o)
                0x000071fe                strcpy
 .text.avr-libc
                0x0000720c       0x30 d:/program files (x86)/atmel/studio/7.0/toolchain/avr8/avr8-gnu-toolchain/bin/../lib/gcc/avr/5.4.0/../../../../avr/lib/avr6\libc.a(strncasecmp.o)
                0x0000720c                strncasecmp
 .text.avr-libc
                0x0000723c       0x26 d:/program files (x86)/atmel/studio/7.0/toolchain/avr8/avr8-gnu-toolchain/bin/../lib/gcc/avr/5.4.0/../../../../avr/lib/avr6\libc.a(printf.o)
                0x0000723c                printf
 .text.avr-libc
                0x00007262       0x60 d:/program files (x86)/atmel/studio/7.0/toolchain/avr8/avr8-gnu-toolchain/bin/../lib/gcc/avr/5.4.0/../../../../avr/lib/avr6\libc.a(puts.o)
                0x00007262                puts
 .text.avr-libc
                0x000072c2       0x5c d:/program files (x86)/atmel/studio/7.0/toolchain/avr8/avr8-gnu-toolchain/bin/../lib/gcc/avr/5.4.0/../../../../avr/lib/avr6\libc.a(sprintf.o)
                0x000072c2                sprintf
 .text.avr-libc
                0x0000731e      0x3fa d:/program files (x86)/atmel/studio/7.0/toolchain/avr8/avr8-gnu-toolchain/bin/../lib/gcc/avr/5.4.0/../../../../avr/lib/avr6\libc.a(vfprintf_std.o)
                0x0000731e                vfprintf
 .text.avr-libc
                0x00007718       0x16 d:/program files (x86)/atmel/studio/7.0/toolchain/avr8/avr8-gnu-toolchain/bin/../lib/gcc/avr/5.4.0/../../../../avr/lib/avr6\libc.a(strnlen_P.o)
                0x00007718                strnlen_P
 .text.avr-libc
                0x0000772e       0x16 d:/program files (x86)/atmel/studio/7.0/toolchain/avr8/avr8-gnu-toolchain/bin/../lib/gcc/avr/5.4.0/../../../../avr/lib/avr6\libc.a(strnlen.o)
                0x0000772e                strnlen
 .text.avr-libc
                0x00007744       0x78 d:/program files (x86)/atmel/studio/7.0/toolchain/avr8/avr8-gnu-toolchain/bin/../lib/gcc/avr/5.4.0/../../../../avr/lib/avr6\libc.a(fputc.o)
                0x00007744                fputc
 .text.avr-libc
                0x000077bc       0xbc d:/program files (x86)/atmel/studio/7.0/toolchain/avr8/avr8-gnu-toolchain/bin/../lib/gcc/avr/5.4.0/../../../../avr/lib/avr6\libc.a(ultoa_invert.o)
                0x000077bc                __ultoa_invert
                0x00007878                . = ALIGN (0x2)
 *(.fini9)
 .fini9         0x00007878        0x0 d:/program files (x86)/atmel/studio/7.0/toolchain/avr8/avr8-gnu-toolchain/bin/../lib/gcc/avr/5.4.0/avr6\libgcc.a(_exit.o)
                0x00007878                _exit
                0x00007878                exit
 *(.fini9)
 *(.fini8)
 *(.fini8)
 *(.fini7)
 *(.fini7)
 *(.fini6)
 *(.fini6)
 *(.fini5)
 *(.fini5)
 *(.fini4)
 *(.fini4)
 *(.fini3)
 *(.fini3)
 *(.fini2)
 *(.fini2)
 *(.fini1)
 *(.fini1)
 *(.fini0)
 .fini0         0x00007878        0x4 d:/program files (x86)/atmel/studio/7.0/toolchain/avr8/avr8-gnu-toolchain/bin/../lib/gcc/avr/5.4.0/avr6\libgcc.a(_exit.o)
 *(.fini0)
                0x0000787c                _etext = .

.data           0x00800200      0x53e load address 0x0000787c
                0x00800200                PROVIDE (__data_start, .)
 *(.data)
 .data          0x00800200        0x6 d:/program files (x86)/atmel/studio/7.0/toolchain/avr8/avr8-gnu-toolchain/bin/../lib/gcc/avr/5.4.0/../../../../avr/lib/avr6\libc.a(malloc.o)
                0x00800200                __malloc_heap_end
                0x00800202                __malloc_heap_start
                0x00800204                __malloc_margin
 *(.data*)
 .data._temp    0x00800206        0x2 ../drivers\libIotLibrary.a(hih8120.o)
 .data._hum     0x00800208        0x2 ../drivers\libIotLibrary.a(hih8120.o)
 .data._com_port_2_udr
                0x0080020a        0x8 ../drivers\libIotLibrary.a(serial.o)
                0x0080020a                _com_port_2_udr
 .data.mystdout.1881
                0x00800212        0xe ../drivers\libIotLibrary.a(stdio_driver.o)
 .data._twiCurrentState
                0x00800220        0x1 ../drivers\libIotLibrary.a(twi.o)
 *(.gnu.linkonce.d*)
 *(.rodata)
 .rodata        0x00800221      0x149 loraWANHandler.o
 .rodata        0x0080036a       0x56 temperature_task.o
 .rodata        0x008003c0        0x5 FreeRTOS/src/tasks.o
 .rodata        0x008003c5        0x8 FreeRTOS/src/timers.o
 .rodata        0x008003cd       0x7c main.o
 .rodata        0x00800449       0x20 ../drivers\libIotLibrary.a(lora_driver.o)
 *(.rodata*)
 .rodata.str1.1
                0x00800469      0x295 ../drivers\libIotLibrary.a(lora_driver.o)
                                0x2a5 (size before relaxing)
 .rodata._joinMode
                0x008006fe        0x4 ../drivers\libIotLibrary.a(lora_driver.o)
 .rodata._returnCode
                0x00800702       0x33 ../drivers\libIotLibrary.a(lora_driver.o)
                0x00800702                _returnCode
 .rodata.str1.1
                0x00800735        0x8 ../drivers\libIotLibrary.a(status_leds.o)
 *(.gnu.linkonce.r*)
                0x0080073e                . = ALIGN (0x2)
 *fill*         0x0080073d        0x1 
                0x0080073e                _edata = .
                0x0080073e                PROVIDE (__data_end, .)

.bss            0x0080073e     0x1237
                0x0080073e                PROVIDE (__bss_start, .)
 *(.bss)
 *(.bss*)
 .bss._out_buf  0x0080073e       0x64 loraWANHandler.o
 .bss._uplink_payload
                0x008007a2       0x16 loraWANHandler.o
 .bss.ucHeap    0x008007b8      0xfa0 FreeRTOS/src/heap_4.o
 .bss.xStart    0x00801758        0x4 FreeRTOS/src/heap_4.o
 .bss.pxEnd     0x0080175c        0x2 FreeRTOS/src/heap_4.o
 .bss.xFreeBytesRemaining
                0x0080175e        0x2 FreeRTOS/src/heap_4.o
 .bss.xMinimumEverFreeBytesRemaining
                0x00801760        0x2 FreeRTOS/src/heap_4.o
 .bss.xBlockAllocatedBit
                0x00801762        0x2 FreeRTOS/src/heap_4.o
 .bss.pxCurrentTCB
                0x00801764        0x2 FreeRTOS/src/tasks.o
                0x00801764                pxCurrentTCB
 .bss.pxReadyTasksLists
                0x00801766       0x2c FreeRTOS/src/tasks.o
 .bss.xDelayedTaskList1
                0x00801792        0xb FreeRTOS/src/tasks.o
 .bss.xDelayedTaskList2
                0x0080179d        0xb FreeRTOS/src/tasks.o
 .bss.pxDelayedTaskList
                0x008017a8        0x2 FreeRTOS/src/tasks.o
 .bss.pxOverflowDelayedTaskList
                0x008017aa        0x2 FreeRTOS/src/tasks.o
 .bss.xPendingReadyList
                0x008017ac        0xb FreeRTOS/src/tasks.o
 .bss.xTasksWaitingTermination
                0x008017b7        0xb FreeRTOS/src/tasks.o
 .bss.uxDeletedTasksWaitingCleanUp
                0x008017c2        0x1 FreeRTOS/src/tasks.o
 .bss.xSuspendedTaskList
                0x008017c3        0xb FreeRTOS/src/tasks.o
 .bss.uxCurrentNumberOfTasks
                0x008017ce        0x1 FreeRTOS/src/tasks.o
 .bss.xTickCount
                0x008017cf        0x4 FreeRTOS/src/tasks.o
 .bss.uxTopReadyPriority
                0x008017d3        0x1 FreeRTOS/src/tasks.o
 .bss.xSchedulerRunning
                0x008017d4        0x1 FreeRTOS/src/tasks.o
 .bss.uxPendedTicks
                0x008017d5        0x1 FreeRTOS/src/tasks.o
 .bss.xYieldPending
                0x008017d6        0x1 FreeRTOS/src/tasks.o
 .bss.xNumOfOverflows
                0x008017d7        0x1 FreeRTOS/src/tasks.o
 .bss.uxTaskNumber
                0x008017d8        0x1 FreeRTOS/src/tasks.o
 .bss.xNextTaskUnblockTime
                0x008017d9        0x4 FreeRTOS/src/tasks.o
 .bss.xIdleTaskHandle
                0x008017dd        0x2 FreeRTOS/src/tasks.o
 .bss.uxSchedulerSuspended
                0x008017df        0x1 FreeRTOS/src/tasks.o
 .bss.xActiveTimerList1
                0x008017e0        0xb FreeRTOS/src/timers.o
 .bss.xActiveTimerList2
                0x008017eb        0xb FreeRTOS/src/timers.o
 .bss.pxCurrentTimerList
                0x008017f6        0x2 FreeRTOS/src/timers.o
 .bss.pxOverflowTimerList
                0x008017f8        0x2 FreeRTOS/src/timers.o
 .bss.xTimerQueue
                0x008017fa        0x2 FreeRTOS/src/timers.o
 .bss.xTimerTaskHandle
                0x008017fc        0x2 FreeRTOS/src/timers.o
 .bss.xLastTime.2432
                0x008017fe        0x4 FreeRTOS/src/timers.o
 .bss._measuringIsReady
                0x00801802        0x1 ../drivers\libIotLibrary.a(hih8120.o)
 .bss._hih8120Handler
                0x00801803        0x2 ../drivers\libIotLibrary.a(hih8120.o)
 .bss._tmp_buf.2940
                0x00801805       0x64 ../drivers\libIotLibrary.a(lora_driver.o)
 .bss.rec_buf_inp.2947
                0x00801869        0x1 ../drivers\libIotLibrary.a(lora_driver.o)
 .bss._downlinkMessageBuffer
                0x0080186a        0x2 ../drivers\libIotLibrary.a(lora_driver.o)
 .bss._serialReplyBufferHandle
                0x0080186c        0x2 ../drivers\libIotLibrary.a(lora_driver.o)
 .bss._rn2483_serial
                0x0080186e        0x2 ../drivers\libIotLibrary.a(lora_driver.o)
 .bss._downlinkPayload
                0x00801870       0x16 ../drivers\libIotLibrary.a(lora_driver.o)
 .bss._payLoadHexBytes
                0x00801886       0x15 ../drivers\libIotLibrary.a(lora_driver.o)
 .bss._recMessageBuf
                0x0080189b       0x2d ../drivers\libIotLibrary.a(lora_driver.o)
 .bss._sendMessage
                0x008018c8       0x2d ../drivers\libIotLibrary.a(lora_driver.o)
 .bss._replyMess
                0x008018f5       0x2d ../drivers\libIotLibrary.a(lora_driver.o)
 .bss._ser_handle
                0x00801922        0x8 ../drivers\libIotLibrary.a(serial.o)
 .bss._com_serial_instance
                0x0080192a        0x2 ../drivers\libIotLibrary.a(stdio_driver.o)
 .bss._led_status
                0x0080192c       0x18 ../drivers\libIotLibrary.a(status_leds.o)
 .bss._index.1885
                0x00801944        0x1 ../drivers\libIotLibrary.a(twi.o)
 .bss._twiCurrentHandler
                0x00801945        0x2 ../drivers\libIotLibrary.a(twi.o)
 .bss._twiMessageLen
                0x00801947        0x1 ../drivers\libIotLibrary.a(twi.o)
 .bss._twiMessageBuffer
                0x00801948        0xa ../drivers\libIotLibrary.a(twi.o)
 .bss._twiIsInitiated
                0x00801952        0x1 ../drivers\libIotLibrary.a(twi.o)
 *(COMMON)
 COMMON         0x00801953        0x2 main.o
                0x00801953                xTestSemaphore
 COMMON         0x00801955       0x16 ../drivers\libIotLibrary.a(hal.o)
                0x00801955                register_access
 COMMON         0x0080196b        0x4 d:/program files (x86)/atmel/studio/7.0/toolchain/avr8/avr8-gnu-toolchain/bin/../lib/gcc/avr/5.4.0/../../../../avr/lib/avr6\libc.a(malloc.o)
                0x0080196b                __brkval
                0x0080196d                __flp
 COMMON         0x0080196f        0x6 d:/program files (x86)/atmel/studio/7.0/toolchain/avr8/avr8-gnu-toolchain/bin/../lib/gcc/avr/5.4.0/../../../../avr/lib/avr6\libc.a(iob.o)
                0x0080196f                __iob
                0x00801975                PROVIDE (__bss_end, .)
                0x0000787c                __data_load_start = LOADADDR (.data)
                0x00007dba                __data_load_end = (__data_load_start + SIZEOF (.data))

.noinit         0x00801975        0x0
                [!provide]                PROVIDE (__noinit_start, .)
 *(.noinit*)
                [!provide]                PROVIDE (__noinit_end, .)
                0x00801975                _end = .
                0x00801975                PROVIDE (__heap_start, .)

.eeprom         0x00810000        0x0
 *(.eeprom*)
                0x00810000                __eeprom_end = .

.fuse
 *(.fuse)
 *(.lfuse)
 *(.hfuse)
 *(.efuse)

.lock
 *(.lock*)

.signature
 *(.signature*)

.user_signatures
 *(.user_signatures*)

.stab
 *(.stab)

.stabstr
 *(.stabstr)

.stab.excl
 *(.stab.excl)

.stab.exclstr
 *(.stab.exclstr)

.stab.index
 *(.stab.index)

.stab.indexstr
 *(.stab.indexstr)

.comment        0x00000000       0x5c
 *(.comment)
 .comment       0x00000000       0x30 loraWANHandler.o
                                 0x31 (size before relaxing)
 .comment       0x00000030       0x31 temperature_task.o
 .comment       0x00000030       0x31 FreeRTOS/FreeRTOSTraceDriver/FreeRTOSTraceDriver.o
 .comment       0x00000030       0x31 FreeRTOS/src/heap_4.o
 .comment       0x00000030       0x31 FreeRTOS/src/list.o
 .comment       0x00000030       0x31 FreeRTOS/src/port.o
 .comment       0x00000030       0x31 FreeRTOS/src/queue.o
 .comment       0x00000030       0x31 FreeRTOS/src/stream_buffer.o
 .comment       0x00000030       0x31 FreeRTOS/src/tasks.o
 .comment       0x00000030       0x31 FreeRTOS/src/timers.o
 .comment       0x00000030       0x31 FreeRTOS/src/variantHooks.o
 .comment       0x00000030       0x31 main.o
 .comment       0x00000030       0x31 ../drivers\libIotLibrary.a(hal.o)
 .comment       0x00000030       0x31 ../drivers\libIotLibrary.a(hih8120.o)
 .comment       0x00000030       0x31 ../drivers\libIotLibrary.a(lora_driver.o)
 .comment       0x00000030       0x31 ../drivers\libIotLibrary.a(lora_driver_utils.o)
 .comment       0x00000030       0x31 ../drivers\libIotLibrary.a(mega_register_access.o)
 .comment       0x00000030       0x31 ../drivers\libIotLibrary.a(serial.o)
 .comment       0x00000030       0x31 ../drivers\libIotLibrary.a(stdio_driver.o)
 .comment       0x00000030       0x31 ../drivers\libIotLibrary.a(status_leds.o)
 .comment       0x00000030       0x31 ../drivers\libIotLibrary.a(twi.o)
 .comment       0x00000030       0x31 ../drivers\libIotLibrary.a(fifo.o)
 .comment       0x00000030       0x31 d:/program files (x86)/atmel/studio/7.0/toolchain/avr8/avr8-gnu-toolchain/bin/../lib/gcc/avr/5.4.0/../../../../avr/lib/avr6\libc.a(calloc.o)
 .comment       0x00000030       0x31 d:/program files (x86)/atmel/studio/7.0/toolchain/avr8/avr8-gnu-toolchain/bin/../lib/gcc/avr/5.4.0/../../../../avr/lib/avr6\libc.a(malloc.o)
 .comment       0x00000030       0x31 d:/program files (x86)/atmel/studio/7.0/toolchain/avr8/avr8-gnu-toolchain/bin/../lib/gcc/avr/5.4.0/../../../../avr/lib/avr6\libc.a(iob.o)
 .comment       0x00000030       0x31 d:/program files (x86)/atmel/studio/7.0/toolchain/avr8/avr8-gnu-toolchain/bin/../lib/gcc/avr/5.4.0/../../../../avr/lib/avr6\libc.a(printf.o)
 .comment       0x00000030       0x31 d:/program files (x86)/atmel/studio/7.0/toolchain/avr8/avr8-gnu-toolchain/bin/../lib/gcc/avr/5.4.0/../../../../avr/lib/avr6\libc.a(puts.o)
 .comment       0x00000030       0x31 d:/program files (x86)/atmel/studio/7.0/toolchain/avr8/avr8-gnu-toolchain/bin/../lib/gcc/avr/5.4.0/../../../../avr/lib/avr6\libc.a(sprintf.o)
 .comment       0x00000030       0x2c d:/program files (x86)/atmel/studio/7.0/toolchain/avr8/avr8-gnu-toolchain/bin/../lib/gcc/avr/5.4.0/../../../../avr/lib/avr6\libc.a(vfprintf_std.o)
                                 0x2d (size before relaxing)
 .comment       0x0000005c       0x31 d:/program files (x86)/atmel/studio/7.0/toolchain/avr8/avr8-gnu-toolchain/bin/../lib/gcc/avr/5.4.0/../../../../avr/lib/avr6\libc.a(fputc.o)

.note.gnu.avr.deviceinfo
                0x00000000       0x40
 .note.gnu.avr.deviceinfo
                0x00000000       0x40 D:/Program Files (x86)/Atmel/Studio/7.0/Packs/atmel/ATmega_DFP/1.3.300/gcc/dev/atmega2560/avr6/crtatmega2560.o

.note.gnu.build-id
 *(.note.gnu.build-id)

.debug
 *(.debug)

.line
 *(.line)

.debug_srcinfo
 *(.debug_srcinfo)

.debug_sfnames
 *(.debug_sfnames)

.debug_aranges  0x00000000      0xa90
 *(.debug_aranges)
 .debug_aranges
                0x00000000       0x30 loraWANHandler.o
 .debug_aranges
                0x00000030       0x20 temperature_task.o
 .debug_aranges
                0x00000050       0x30 FreeRTOS/FreeRTOSTraceDriver/FreeRTOSTraceDriver.o
 .debug_aranges
                0x00000080       0x50 FreeRTOS/src/heap_4.o
 .debug_aranges
                0x000000d0       0x40 FreeRTOS/src/list.o
 .debug_aranges
                0x00000110       0x50 FreeRTOS/src/port.o
 .debug_aranges
                0x00000160      0x118 FreeRTOS/src/queue.o
 .debug_aranges
                0x00000278       0xd8 FreeRTOS/src/stream_buffer.o
 .debug_aranges
                0x00000350      0x210 FreeRTOS/src/tasks.o
 .debug_aranges
                0x00000560       0xd0 FreeRTOS/src/timers.o
 .debug_aranges
                0x00000630       0x30 FreeRTOS/src/variantHooks.o
 .debug_aranges
                0x00000660       0x38 main.o
 .debug_aranges
                0x00000698       0x20 ../drivers\libIotLibrary.a(hal.o)
 .debug_aranges
                0x000006b8       0x68 ../drivers\libIotLibrary.a(hih8120.o)
 .debug_aranges
                0x00000720      0x138 ../drivers\libIotLibrary.a(lora_driver.o)
 .debug_aranges
                0x00000858       0x28 ../drivers\libIotLibrary.a(lora_driver_utils.o)
 .debug_aranges
                0x00000880       0x70 ../drivers\libIotLibrary.a(mega_register_access.o)
 .debug_aranges
                0x000008f0       0x90 ../drivers\libIotLibrary.a(serial.o)
 .debug_aranges
                0x00000980       0x38 ../drivers\libIotLibrary.a(stdio_driver.o)
 .debug_aranges
                0x000009b8       0x68 ../drivers\libIotLibrary.a(status_leds.o)
 .debug_aranges
                0x00000a20       0x50 ../drivers\libIotLibrary.a(twi.o)
 .debug_aranges
                0x00000a70       0x20 ../drivers\libIotLibrary.a(fifo.o)

.debug_pubnames
 *(.debug_pubnames)

.debug_info     0x00000000     0x9d70
 *(.debug_info .gnu.linkonce.wi.*)
 .debug_info    0x00000000      0xbbc D:/Program Files (x86)/Atmel/Studio/7.0/Packs/atmel/ATmega_DFP/1.3.300/gcc/dev/atmega2560/avr6/crtatmega2560.o
 .debug_info    0x00000bbc      0x2f5 loraWANHandler.o
 .debug_info    0x00000eb1       0xed temperature_task.o
 .debug_info    0x00000f9e       0xd1 FreeRTOS/FreeRTOSTraceDriver/FreeRTOSTraceDriver.o
 .debug_info    0x0000106f      0x308 FreeRTOS/src/heap_4.o
 .debug_info    0x00001377      0x2c2 FreeRTOS/src/list.o
 .debug_info    0x00001639      0x237 FreeRTOS/src/port.o
 .debug_info    0x00001870      0xf9f FreeRTOS/src/queue.o
 .debug_info    0x0000280f      0xcab FreeRTOS/src/stream_buffer.o
 .debug_info    0x000034ba     0x1a5d FreeRTOS/src/tasks.o
 .debug_info    0x00004f17      0xa94 FreeRTOS/src/timers.o
 .debug_info    0x000059ab      0x226 FreeRTOS/src/variantHooks.o
 .debug_info    0x00005bd1      0x1af main.o
 .debug_info    0x00005d80      0x1ff ../drivers\libIotLibrary.a(hal.o)
 .debug_info    0x00005f7f      0x3a9 ../drivers\libIotLibrary.a(hih8120.o)
 .debug_info    0x00006328     0x18a9 ../drivers\libIotLibrary.a(lora_driver.o)
 .debug_info    0x00007bd1      0x143 ../drivers\libIotLibrary.a(lora_driver_utils.o)
 .debug_info    0x00007d14      0x2e1 ../drivers\libIotLibrary.a(mega_register_access.o)
 .debug_info    0x00007ff5      0xdb3 ../drivers\libIotLibrary.a(serial.o)
 .debug_info    0x00008da8      0x39c ../drivers\libIotLibrary.a(stdio_driver.o)
 .debug_info    0x00009144      0x50c ../drivers\libIotLibrary.a(status_leds.o)
 .debug_info    0x00009650      0x55d ../drivers\libIotLibrary.a(twi.o)
 .debug_info    0x00009bad      0x1c3 ../drivers\libIotLibrary.a(fifo.o)

.debug_abbrev   0x00000000     0x2c5d
 *(.debug_abbrev)
 .debug_abbrev  0x00000000      0xb1a D:/Program Files (x86)/Atmel/Studio/7.0/Packs/atmel/ATmega_DFP/1.3.300/gcc/dev/atmega2560/avr6/crtatmega2560.o
 .debug_abbrev  0x00000b1a      0x117 loraWANHandler.o
 .debug_abbrev  0x00000c31       0x7c temperature_task.o
 .debug_abbrev  0x00000cad       0x92 FreeRTOS/FreeRTOSTraceDriver/FreeRTOSTraceDriver.o
 .debug_abbrev  0x00000d3f      0x174 FreeRTOS/src/heap_4.o
 .debug_abbrev  0x00000eb3       0xc7 FreeRTOS/src/list.o
 .debug_abbrev  0x00000f7a      0x16c FreeRTOS/src/port.o
 .debug_abbrev  0x000010e6      0x1d9 FreeRTOS/src/queue.o
 .debug_abbrev  0x000012bf      0x1e8 FreeRTOS/src/stream_buffer.o
 .debug_abbrev  0x000014a7      0x253 FreeRTOS/src/tasks.o
 .debug_abbrev  0x000016fa      0x1ce FreeRTOS/src/timers.o
 .debug_abbrev  0x000018c8       0xf2 FreeRTOS/src/variantHooks.o
 .debug_abbrev  0x000019ba      0x113 main.o
 .debug_abbrev  0x00001acd       0xff ../drivers\libIotLibrary.a(hal.o)
 .debug_abbrev  0x00001bcc      0x184 ../drivers\libIotLibrary.a(hih8120.o)
 .debug_abbrev  0x00001d50      0x382 ../drivers\libIotLibrary.a(lora_driver.o)
 .debug_abbrev  0x000020d2       0xc0 ../drivers\libIotLibrary.a(lora_driver_utils.o)
 .debug_abbrev  0x00002192       0xd3 ../drivers\libIotLibrary.a(mega_register_access.o)
 .debug_abbrev  0x00002265      0x364 ../drivers\libIotLibrary.a(serial.o)
 .debug_abbrev  0x000025c9      0x1be ../drivers\libIotLibrary.a(stdio_driver.o)
 .debug_abbrev  0x00002787      0x1d7 ../drivers\libIotLibrary.a(status_leds.o)
 .debug_abbrev  0x0000295e      0x217 ../drivers\libIotLibrary.a(twi.o)
 .debug_abbrev  0x00002b75       0xe8 ../drivers\libIotLibrary.a(fifo.o)

.debug_line     0x00000000     0x6a9b
 *(.debug_line .debug_line.* .debug_line_end)
 .debug_line    0x00000000      0x1f9 D:/Program Files (x86)/Atmel/Studio/7.0/Packs/atmel/ATmega_DFP/1.3.300/gcc/dev/atmega2560/avr6/crtatmega2560.o
 .debug_line    0x000001f9      0x280 loraWANHandler.o
 .debug_line    0x00000479      0x120 temperature_task.o
 .debug_line    0x00000599      0x10f FreeRTOS/FreeRTOSTraceDriver/FreeRTOSTraceDriver.o
 .debug_line    0x000006a8      0x393 FreeRTOS/src/heap_4.o
 .debug_line    0x00000a3b      0x1f0 FreeRTOS/src/list.o
 .debug_line    0x00000c2b      0x452 FreeRTOS/src/port.o
 .debug_line    0x0000107d      0xd73 FreeRTOS/src/queue.o
 .debug_line    0x00001df0      0x89f FreeRTOS/src/stream_buffer.o
 .debug_line    0x0000268f     0x1a12 FreeRTOS/src/tasks.o
 .debug_line    0x000040a1      0x6c1 FreeRTOS/src/timers.o
 .debug_line    0x00004762      0x23a FreeRTOS/src/variantHooks.o
 .debug_line    0x0000499c      0x1d7 main.o
 .debug_line    0x00004b73      0x11c ../drivers\libIotLibrary.a(hal.o)
 .debug_line    0x00004c8f      0x24a ../drivers\libIotLibrary.a(hih8120.o)
 .debug_line    0x00004ed9      0x9b4 ../drivers\libIotLibrary.a(lora_driver.o)
 .debug_line    0x0000588d      0x195 ../drivers\libIotLibrary.a(lora_driver_utils.o)
 .debug_line    0x00005a22      0x1af ../drivers\libIotLibrary.a(mega_register_access.o)
 .debug_line    0x00005bd1      0x62d ../drivers\libIotLibrary.a(serial.o)
 .debug_line    0x000061fe      0x13a ../drivers\libIotLibrary.a(stdio_driver.o)
 .debug_line    0x00006338      0x32c ../drivers\libIotLibrary.a(status_leds.o)
 .debug_line    0x00006664      0x31c ../drivers\libIotLibrary.a(twi.o)
 .debug_line    0x00006980      0x11b ../drivers\libIotLibrary.a(fifo.o)

.debug_frame    0x00000000     0x2688
 *(.debug_frame)
 .debug_frame   0x00000000       0x84 loraWANHandler.o
 .debug_frame   0x00000084       0x34 temperature_task.o
 .debug_frame   0x000000b8       0x74 FreeRTOS/FreeRTOSTraceDriver/FreeRTOSTraceDriver.o
 .debug_frame   0x0000012c       0xf4 FreeRTOS/src/heap_4.o
 .debug_frame   0x00000220       0xb4 FreeRTOS/src/list.o
 .debug_frame   0x000002d4       0xc4 FreeRTOS/src/port.o
 .debug_frame   0x00000398      0x454 FreeRTOS/src/queue.o
 .debug_frame   0x000007ec      0x3d4 FreeRTOS/src/stream_buffer.o
 .debug_frame   0x00000bc0      0x928 FreeRTOS/src/tasks.o
 .debug_frame   0x000014e8      0x3f8 FreeRTOS/src/timers.o
 .debug_frame   0x000018e0       0x74 FreeRTOS/src/variantHooks.o
 .debug_frame   0x00001954       0xa0 main.o
 .debug_frame   0x000019f4       0x24 ../drivers\libIotLibrary.a(hal.o)
 .debug_frame   0x00001a18       0xc0 ../drivers\libIotLibrary.a(hih8120.o)
 .debug_frame   0x00001ad8      0x460 ../drivers\libIotLibrary.a(lora_driver.o)
 .debug_frame   0x00001f38       0x48 ../drivers\libIotLibrary.a(lora_driver_utils.o)
 .debug_frame   0x00001f80       0xc4 ../drivers\libIotLibrary.a(mega_register_access.o)
 .debug_frame   0x00002044      0x384 ../drivers\libIotLibrary.a(serial.o)
 .debug_frame   0x000023c8       0x84 ../drivers\libIotLibrary.a(stdio_driver.o)
 .debug_frame   0x0000244c       0xec ../drivers\libIotLibrary.a(status_leds.o)
 .debug_frame   0x00002538      0x12c ../drivers\libIotLibrary.a(twi.o)
 .debug_frame   0x00002664       0x24 ../drivers\libIotLibrary.a(fifo.o)

.debug_str      0x00000000     0x3fdc
 *(.debug_str)
 .debug_str     0x00000000      0x3e6 D:/Program Files (x86)/Atmel/Studio/7.0/Packs/atmel/ATmega_DFP/1.3.300/gcc/dev/atmega2560/avr6/crtatmega2560.o
 .debug_str     0x000003e6      0x3da loraWANHandler.o
                                0x42e (size before relaxing)
 .debug_str     0x000007c0       0xa8 temperature_task.o
                                0x20a (size before relaxing)
 .debug_str     0x00000868       0x68 FreeRTOS/FreeRTOSTraceDriver/FreeRTOSTraceDriver.o
                                0x1a7 (size before relaxing)
 .debug_str     0x000008d0      0x1fb FreeRTOS/src/heap_4.o
                                0x348 (size before relaxing)
 .debug_str     0x00000acb      0x129 FreeRTOS/src/list.o
                                0x2a4 (size before relaxing)
 .debug_str     0x00000bf4       0xfd FreeRTOS/src/port.o
                                0x26b (size before relaxing)
 .debug_str     0x00000cf1      0x5c2 FreeRTOS/src/queue.o
                                0x827 (size before relaxing)
 .debug_str     0x000012b3      0x4d9 FreeRTOS/src/stream_buffer.o
                                0x72c (size before relaxing)
 .debug_str     0x0000178c      0xca9 FreeRTOS/src/tasks.o
                               0x1041 (size before relaxing)
 .debug_str     0x00002435      0x455 FreeRTOS/src/timers.o
                                0x713 (size before relaxing)
 .debug_str     0x0000288a       0x77 FreeRTOS/src/variantHooks.o
                                0x230 (size before relaxing)
 .debug_str     0x00002901       0x8b main.o
                                0x2aa (size before relaxing)
 .debug_str     0x0000298c      0x202 ../drivers\libIotLibrary.a(hal.o)
                                0x27f (size before relaxing)
 .debug_str     0x00002b8e      0x258 ../drivers\libIotLibrary.a(hih8120.o)
                                0x454 (size before relaxing)
 .debug_str     0x00002de6      0x821 ../drivers\libIotLibrary.a(lora_driver.o)
                                0xd70 (size before relaxing)
 .debug_str     0x00003607       0x54 ../drivers\libIotLibrary.a(lora_driver_utils.o)
                                0x206 (size before relaxing)
 .debug_str     0x0000365b      0x158 ../drivers\libIotLibrary.a(mega_register_access.o)
                                0x2cb (size before relaxing)
 .debug_str     0x000037b3      0x2eb ../drivers\libIotLibrary.a(serial.o)
                                0x627 (size before relaxing)
 .debug_str     0x00003a9e       0xb3 ../drivers\libIotLibrary.a(stdio_driver.o)
                                0x371 (size before relaxing)
 .debug_str     0x00003b51      0x17a ../drivers\libIotLibrary.a(status_leds.o)
                                0x369 (size before relaxing)
 .debug_str     0x00003ccb      0x2ef ../drivers\libIotLibrary.a(twi.o)
                                0x5b4 (size before relaxing)
 .debug_str     0x00003fba       0x22 ../drivers\libIotLibrary.a(fifo.o)
                                0x239 (size before relaxing)

.debug_loc      0x00000000     0x680a
 *(.debug_loc)
 .debug_loc     0x00000000       0xfe loraWANHandler.o
 .debug_loc     0x000000fe       0x48 temperature_task.o
 .debug_loc     0x00000146       0xcb FreeRTOS/FreeRTOSTraceDriver/FreeRTOSTraceDriver.o
 .debug_loc     0x00000211      0x1cf FreeRTOS/src/heap_4.o
 .debug_loc     0x000003e0      0x167 FreeRTOS/src/list.o
 .debug_loc     0x00000547       0xf8 FreeRTOS/src/port.o
 .debug_loc     0x0000063f      0x975 FreeRTOS/src/queue.o
 .debug_loc     0x00000fb4      0x877 FreeRTOS/src/stream_buffer.o
 .debug_loc     0x0000182b     0x146c FreeRTOS/src/tasks.o
 .debug_loc     0x00002c97      0x8d1 FreeRTOS/src/timers.o
 .debug_loc     0x00003568       0xc9 FreeRTOS/src/variantHooks.o
 .debug_loc     0x00003631      0x11f main.o
 .debug_loc     0x00003750       0x21 ../drivers\libIotLibrary.a(hal.o)
 .debug_loc     0x00003771       0x9f ../drivers\libIotLibrary.a(hih8120.o)
 .debug_loc     0x00003810     0x1216 ../drivers\libIotLibrary.a(lora_driver.o)
 .debug_loc     0x00004a26      0x1d2 ../drivers\libIotLibrary.a(lora_driver_utils.o)
 .debug_loc     0x00004bf8       0xe9 ../drivers\libIotLibrary.a(mega_register_access.o)
 .debug_loc     0x00004ce1     0x1080 ../drivers\libIotLibrary.a(serial.o)
 .debug_loc     0x00005d61      0x144 ../drivers\libIotLibrary.a(stdio_driver.o)
 .debug_loc     0x00005ea5      0x292 ../drivers\libIotLibrary.a(status_leds.o)
 .debug_loc     0x00006137      0x575 ../drivers\libIotLibrary.a(twi.o)
 .debug_loc     0x000066ac      0x15e ../drivers\libIotLibrary.a(fifo.o)

.debug_macinfo
 *(.debug_macinfo)

.debug_weaknames
 *(.debug_weaknames)

.debug_funcnames
 *(.debug_funcnames)

.debug_typenames
 *(.debug_typenames)

.debug_varnames
 *(.debug_varnames)

.debug_pubtypes
 *(.debug_pubtypes)

.debug_ranges   0x00000000      0x960
 *(.debug_ranges)
 .debug_ranges  0x00000000       0x20 loraWANHandler.o
 .debug_ranges  0x00000020       0x10 temperature_task.o
 .debug_ranges  0x00000030       0x20 FreeRTOS/FreeRTOSTraceDriver/FreeRTOSTraceDriver.o
 .debug_ranges  0x00000050       0x40 FreeRTOS/src/heap_4.o
 .debug_ranges  0x00000090       0x30 FreeRTOS/src/list.o
 .debug_ranges  0x000000c0       0x40 FreeRTOS/src/port.o
 .debug_ranges  0x00000100      0x108 FreeRTOS/src/queue.o
 .debug_ranges  0x00000208       0xc8 FreeRTOS/src/stream_buffer.o
 .debug_ranges  0x000002d0      0x200 FreeRTOS/src/tasks.o
 .debug_ranges  0x000004d0       0xc0 FreeRTOS/src/timers.o
 .debug_ranges  0x00000590       0x20 FreeRTOS/src/variantHooks.o
 .debug_ranges  0x000005b0       0x28 main.o
 .debug_ranges  0x000005d8       0x10 ../drivers\libIotLibrary.a(hal.o)
 .debug_ranges  0x000005e8       0x58 ../drivers\libIotLibrary.a(hih8120.o)
 .debug_ranges  0x00000640      0x128 ../drivers\libIotLibrary.a(lora_driver.o)
 .debug_ranges  0x00000768       0x30 ../drivers\libIotLibrary.a(lora_driver_utils.o)
 .debug_ranges  0x00000798       0x60 ../drivers\libIotLibrary.a(mega_register_access.o)
 .debug_ranges  0x000007f8       0x98 ../drivers\libIotLibrary.a(serial.o)
 .debug_ranges  0x00000890       0x28 ../drivers\libIotLibrary.a(stdio_driver.o)
 .debug_ranges  0x000008b8       0x58 ../drivers\libIotLibrary.a(status_leds.o)
 .debug_ranges  0x00000910       0x40 ../drivers\libIotLibrary.a(twi.o)
 .debug_ranges  0x00000950       0x10 ../drivers\libIotLibrary.a(fifo.o)

.debug_macro
 *(.debug_macro)
OUTPUT(smart_green_smart_house_iot.elf elf32-avr)
LOAD linker stubs
